2026-03-26 18:00:15 INFO  TC8_verifyAllProductsAndProductDetails:14 - ***** testCases.Authentication.TC8_verifyAllProductsAndProductDetails *****
2026-03-26 18:00:15 INFO  TC8_verifyAllProductsAndProductDetails:18 - ***** HomePage Visible *****
2026-03-26 18:00:18 INFO  TC8_verifyAllProductsAndProductDetails:25 - ***** Product lists is visible *****
2026-03-26 18:00:24 INFO  TC17_removeProducts:119 - ***** testCases.Authentication.TC8_verifyAllProductsAndProductDetails *****
2026-03-26 18:00:24 INFO  TC17_removeProducts:122 - ***** HomePage Visible *****
2026-03-26 18:00:54 INFO  TC21_addReviewOnProduct:14 - ***** Starting TC21_addReviewOnProduct *****
2026-03-26 18:00:54 INFO  TC21_addReviewOnProduct:18 - ***** HomePage Visible *****
2026-03-26 18:00:57 INFO  TC21_addReviewOnProduct:23 - ***** Navigated to All Products Page *****
2026-03-26 18:01:02 INFO  TC23_verifyAddressInCheckoutPage:20 - ***** Starting TC23_verifyAddressInCheckoutPage *****
2026-03-26 18:01:02 INFO  TC23_verifyAddressInCheckoutPage:28 - ***** Home page is visible *****
2026-03-26 18:01:03 INFO  TC23_verifyAddressInCheckoutPage:32 - ***** Navigated to Signup / Login page *****
2026-03-26 18:01:05 INFO  TC23_verifyAddressInCheckoutPage:37 - ***** Entered signup details *****
2026-03-26 18:07:46 INFO  TC8_verifyAllProductsAndProductDetails:14 - ***** testCases.Authentication.TC8_verifyAllProductsAndProductDetails *****
2026-03-26 18:07:46 INFO  TC8_verifyAllProductsAndProductDetails:18 - ***** HomePage Visible *****
2026-03-26 18:07:48 INFO  TC8_verifyAllProductsAndProductDetails:25 - ***** Product lists is visible *****
2026-03-26 18:07:50 INFO  TC8_verifyAllProductsAndProductDetails:30 - All product info are visible
2026-03-26 18:07:56 INFO  TC17_removeProducts:119 - ***** testCases.Authentication.TC8_verifyAllProductsAndProductDetails *****
2026-03-26 18:07:56 INFO  TC17_removeProducts:122 - ***** HomePage Visible *****
2026-03-26 18:08:07 INFO  TC21_addReviewOnProduct:14 - ***** Starting TC21_addReviewOnProduct *****
2026-03-26 18:08:07 INFO  TC21_addReviewOnProduct:18 - ***** HomePage Visible *****
2026-03-26 18:08:09 INFO  TC21_addReviewOnProduct:23 - ***** Navigated to All Products Page *****
2026-03-26 18:08:11 INFO  TC21_addReviewOnProduct:28 - ***** Write Your Review section is visible *****
2026-03-26 18:08:12 INFO  TC21_addReviewOnProduct:35 - ***** Review submitted successfully *****
2026-03-26 18:09:50 INFO  TC17_removeProducts:119 - ***** testCases.Authentication.TC8_verifyAllProductsAndProductDetails *****
2026-03-26 18:09:50 INFO  TC17_removeProducts:122 - ***** HomePage Visible *****
2026-03-26 18:10:29 INFO  TC17_removeProducts:119 - ***** testCases.Authentication.TC8_verifyAllProductsAndProductDetails *****
2026-03-26 18:10:29 INFO  TC17_removeProducts:122 - ***** HomePage Visible *****
2026-03-26 18:12:04 INFO  TC17_removeProducts:119 - ***** testCases.Authentication.TC8_verifyAllProductsAndProductDetails *****
2026-03-26 18:12:04 INFO  TC17_removeProducts:122 - ***** HomePage Visible *****
2026-03-26 18:12:15 INFO  TC23_verifyAddressInCheckoutPage:20 - ***** Starting TC23_verifyAddressInCheckoutPage *****
2026-03-26 18:12:16 INFO  TC23_verifyAddressInCheckoutPage:28 - ***** Home page is visible *****
2026-03-26 18:12:17 INFO  TC23_verifyAddressInCheckoutPage:32 - ***** Navigated to Signup / Login page *****
2026-03-26 18:12:18 INFO  TC23_verifyAddressInCheckoutPage:37 - ***** Entered signup details *****
2026-03-26 18:12:53 INFO  TC1_registerUser:12 - ***** Starting TC1_registerUser *****
2026-03-26 18:12:55 INFO  TC1_registerUser:20 - ***** Navigated to RegisterLoginPage *****
2026-03-26 18:12:58 INFO  TC1_registerUser:27 - ***** Navigated to AccountInfoPage *****
2026-03-26 18:13:03 INFO  TC1_registerUser:47 - ***** Navigated to AccountCreatedPage *****
2026-03-26 18:13:06 INFO  TC1_registerUser:56 - ***** Navigated to AccountDeletedPage *****
2026-03-26 18:13:13 INFO  TC2_loginValidUser:15 - ***** Starting TC2_loginValidUser *****
2026-03-26 18:13:14 INFO  TC2_loginValidUser:23 - ***** Navigated to RegisterLoginPage *****
2026-03-26 18:13:20 INFO  TC2_loginValidUser:30 - ***** Login successfully *****
2026-03-26 18:13:24 INFO  TC3_loginInvalidUser:14 - ***** Starting TC3_LoginInvalidUser *****
2026-03-26 18:13:25 INFO  TC3_loginInvalidUser:22 - ***** Navigated to RegisterLoginPage *****
2026-03-26 18:13:32 INFO  TC4_logoutUser:14 - ***** testCases.Authentication.TC4_logoutUser *****
2026-03-26 18:13:34 INFO  TC4_logoutUser:22 - ***** Navigated to RegisterLoginPage *****
2026-03-26 18:13:45 INFO  TC5_registerDuplicateUser:14 - ***** testCases.Authentication.TC5_registerDuplicateUser *****
2026-03-26 18:13:48 INFO  TC5_registerDuplicateUser:22 - ***** Navigated to RegisterLoginPage *****
2026-03-26 18:13:55 INFO  TC6_contactUsForm:16 - ***** testCases.Authentication.TC6_contactUsForm *****
2026-03-26 18:13:55 INFO  TC6_contactUsForm:20 - ***** HomePage Visible *****
2026-03-26 18:13:56 INFO  TC6_contactUsForm:25 - ***** Text Get In Touch Present *****
2026-03-26 18:13:57 INFO  TC6_contactUsForm:36 - ***** Form Submitted Successfully *****
2026-03-26 18:14:00 INFO  TC6_contactUsForm:40 - ***** HomePage Visible *****
2026-03-26 18:14:05 INFO  TC7_verifyTestCasesPage:13 - ***** testCases.Authentication.TC7_verifyTestCasesPage *****
2026-03-26 18:14:05 INFO  TC7_verifyTestCasesPage:17 - ***** HomePage Visible *****
2026-03-26 18:14:07 INFO  TC7_verifyTestCasesPage:22 - ***** Page Navigated To TestCasesPage *****
2026-03-26 18:14:12 INFO  TC8_verifyAllProductsAndProductDetails:14 - ***** testCases.Authentication.TC8_verifyAllProductsAndProductDetails *****
2026-03-26 18:14:12 INFO  TC8_verifyAllProductsAndProductDetails:18 - ***** HomePage Visible *****
2026-03-26 18:14:15 INFO  TC8_verifyAllProductsAndProductDetails:25 - ***** Product lists is visible *****
2026-03-26 18:14:16 INFO  TC8_verifyAllProductsAndProductDetails:30 - All product info are visible
2026-03-26 18:14:22 INFO  TC9_searchProduct:119 - ***** testCases.Authentication.TC8_verifyAllProductsAndProductDetails *****
2026-03-26 18:14:22 INFO  TC9_searchProduct:122 - ***** HomePage Visible *****
2026-03-26 18:14:32 INFO  TC10_verifyHomeSubscription:119 - ***** testCases.Authentication.TC8_verifyAllProductsAndProductDetails *****
2026-03-26 18:14:32 INFO  TC10_verifyHomeSubscription:122 - ***** HomePage Visible *****
2026-03-26 18:14:36 INFO  TC11_verifyHomeSubscription:119 - ***** testCases.Authentication.TC8_verifyAllProductsAndProductDetails *****
2026-03-26 18:14:36 INFO  TC11_verifyHomeSubscription:122 - ***** HomePage Visible *****
2026-03-26 18:14:42 INFO  TC12_addProduct:119 - ***** testCases.Authentication.TC8_verifyAllProductsAndProductDetails *****
2026-03-26 18:14:42 INFO  TC12_addProduct:122 - ***** HomePage Visible *****
2026-03-26 18:14:53 INFO  TC13_verifyProductQuantity:119 - ***** testCases.Authentication.TC8_verifyAllProductsAndProductDetails *****
2026-03-26 18:14:53 INFO  TC13_verifyProductQuantity:122 - ***** HomePage Visible *****
2026-03-26 18:15:02 INFO  TC14_placeOrder_Register:119 - ***** testCases.Authentication.TC8_verifyAllProductsAndProductDetails *****
2026-03-26 18:15:02 INFO  TC14_placeOrder_Register:122 - ***** HomePage Visible *****
2026-03-26 18:15:28 INFO  TC15_register_Checkout:119 - ***** testCases.Authentication.TC8_verifyAllProductsAndProductDetails *****
2026-03-26 18:15:28 INFO  TC15_register_Checkout:122 - ***** HomePage Visible *****
2026-03-26 18:15:55 INFO  TC16_login_Checkout:119 - ***** testCases.Authentication.TC8_verifyAllProductsAndProductDetails *****
2026-03-26 18:15:55 INFO  TC16_login_Checkout:122 - ***** HomePage Visible *****
2026-03-26 18:16:18 INFO  TC17_removeProducts:119 - ***** testCases.Authentication.TC8_verifyAllProductsAndProductDetails *****
2026-03-26 18:16:18 INFO  TC17_removeProducts:122 - ***** HomePage Visible *****
2026-03-26 18:16:29 INFO  TC18_viewCategoryProducts:119 - ***** testCases.Authentication.TC8_verifyAllProductsAndProductDetails *****
2026-03-26 18:16:29 INFO  TC18_viewCategoryProducts:122 - ***** HomePage Visible *****
2026-03-26 18:17:09 INFO  TC21_addReviewOnProduct:14 - ***** Starting TC21_addReviewOnProduct *****
2026-03-26 18:17:09 INFO  TC21_addReviewOnProduct:18 - ***** HomePage Visible *****
2026-03-26 18:17:11 INFO  TC21_addReviewOnProduct:23 - ***** Navigated to All Products Page *****
2026-03-26 18:17:13 INFO  TC21_addReviewOnProduct:28 - ***** Write Your Review section is visible *****
2026-03-26 18:17:14 INFO  TC21_addReviewOnProduct:35 - ***** Review submitted successfully *****
2026-03-26 18:17:20 INFO  TC22_addToCartFromRecommended:13 - ***** Starting TC22_addToCartFromRecommended *****
2026-03-26 18:17:20 INFO  TC22_addToCartFromRecommended:19 - ***** Home page is visible *****
2026-03-26 18:17:20 INFO  TC22_addToCartFromRecommended:23 - ***** Scrolled to recommended items section *****
2026-03-26 18:17:20 INFO  TC22_addToCartFromRecommended:27 - ***** Recommended items section is visible *****
2026-03-26 18:17:20 INFO  TC22_addToCartFromRecommended:31 - ***** Clicked Add to Cart on first recommended product *****
2026-03-26 18:17:22 INFO  TC22_addToCartFromRecommended:35 - ***** Navigated to Cart page *****
2026-03-26 18:17:22 INFO  TC22_addToCartFromRecommended:39 - ✓ Product successfully added to cart from recommended items
2026-03-26 18:17:26 INFO  TC25_verifyScrollUpUsingArrowButton:12 - ***** Starting TC25_verifyScrollUpUsingArrowButton *****
2026-03-26 18:17:26 INFO  TC25_verifyScrollUpUsingArrowButton:20 - ***** Home page is visible *****
2026-03-26 18:17:27 INFO  TC25_verifyScrollUpUsingArrowButton:24 - ***** Scrolled to bottom of page *****
2026-03-26 18:17:27 INFO  TC25_verifyScrollUpUsingArrowButton:28 - ***** Subscription section is visible at bottom *****
2026-03-26 18:17:27 INFO  TC25_verifyScrollUpUsingArrowButton:32 - ***** Clicked scroll up arrow button *****
2026-03-26 18:17:27 INFO  TC25_verifyScrollUpUsingArrowButton:36 - ***** Page scrolled up successfully, home page title is visible *****
2026-03-26 18:17:32 INFO  TC26_verifyScrollUpWithoutArrowButton:12 - ***** Starting TC26_verifyScrollUpWithoutArrowButton *****
2026-03-26 18:17:32 INFO  TC26_verifyScrollUpWithoutArrowButton:20 - ***** Home page is visible *****
2026-03-26 18:17:33 INFO  TC26_verifyScrollUpWithoutArrowButton:24 - ***** Scrolled to bottom of page *****
2026-03-26 18:17:33 INFO  TC26_verifyScrollUpWithoutArrowButton:28 - ***** Subscription section is visible at bottom *****
2026-03-26 18:17:33 INFO  TC26_verifyScrollUpWithoutArrowButton:32 - ***** Scrolled to top of page *****
2026-03-26 18:17:34 INFO  TC26_verifyScrollUpWithoutArrowButton:36 - ***** Page scrolled up successfully, home page title is visible *****
2026-03-26 18:18:38 INFO  TC14_placeOrder_Register:119 - ***** testCases.Authentication.TC8_verifyAllProductsAndProductDetails *****
2026-03-26 18:18:38 INFO  TC14_placeOrder_Register:122 - ***** HomePage Visible *****
2026-03-26 18:19:07 INFO  TC15_register_Checkout:119 - ***** testCases.Authentication.TC8_verifyAllProductsAndProductDetails *****
2026-03-26 18:19:07 INFO  TC15_register_Checkout:122 - ***** HomePage Visible *****
2026-03-26 18:27:50 INFO  TC23_verifyAddressInCheckoutPage:20 - ***** Starting TC23_verifyAddressInCheckoutPage *****
2026-03-26 18:27:50 INFO  TC23_verifyAddressInCheckoutPage:28 - ***** Home page is visible *****
2026-03-26 18:27:53 INFO  TC23_verifyAddressInCheckoutPage:32 - ***** Navigated to Signup / Login page *****
2026-03-26 18:27:56 INFO  TC23_verifyAddressInCheckoutPage:37 - ***** Entered signup details *****
2026-03-26 18:28:39 INFO  TC23_verifyAddressInCheckoutPage:20 - ***** Starting TC23_verifyAddressInCheckoutPage *****
2026-03-26 18:28:39 INFO  TC23_verifyAddressInCheckoutPage:28 - ***** Home page is visible *****
2026-03-26 18:28:40 INFO  TC23_verifyAddressInCheckoutPage:32 - ***** Navigated to Signup / Login page *****
2026-03-26 18:28:43 INFO  TC23_verifyAddressInCheckoutPage:37 - ***** Entered signup details *****
2026-03-26 18:28:46 INFO  TC23_verifyAddressInCheckoutPage:55 - ***** Account created successfully *****
2026-03-26 18:28:48 INFO  TC23_verifyAddressInCheckoutPage:60 - ***** Logged in as user *****
2026-03-26 18:28:50 INFO  TC23_verifyAddressInCheckoutPage:65 - ***** Added product to cart *****
2026-03-26 18:28:52 INFO  TC23_verifyAddressInCheckoutPage:69 - ***** Navigated to Cart page *****
2026-03-26 18:28:52 INFO  TC23_verifyAddressInCheckoutPage:73 - ***** Cart page is displayed with items *****
2026-03-26 18:28:53 INFO  TC23_verifyAddressInCheckoutPage:77 - ***** Clicked Proceed To Checkout *****
2026-03-26 18:28:53 INFO  TC23_verifyAddressInCheckoutPage:81 - ***** Delivery address matches registration address *****
2026-03-26 18:28:53 INFO  TC23_verifyAddressInCheckoutPage:84 - ***** Billing address matches registration address *****
2026-03-26 18:28:54 INFO  TC23_verifyAddressInCheckoutPage:91 - ***** Account deleted successfully *****
2026-03-26 18:29:03 INFO  TC24_downloadInvoiceAfterPurchaseOrder:22 - ***** Starting TC24_downloadInvoiceAfterPurchaseOrder *****
2026-03-26 18:29:03 INFO  TC24_downloadInvoiceAfterPurchaseOrder:30 - ***** Home page is visible *****
2026-03-26 18:29:06 INFO  TC24_downloadInvoiceAfterPurchaseOrder:35 - ***** Added product to cart *****
2026-03-26 18:29:08 INFO  TC24_downloadInvoiceAfterPurchaseOrder:39 - ***** Navigated to Cart page *****
2026-03-26 18:29:08 INFO  TC24_downloadInvoiceAfterPurchaseOrder:43 - ***** Cart page is displayed with items *****
2026-03-26 18:29:08 INFO  TC24_downloadInvoiceAfterPurchaseOrder:47 - ***** Clicked Proceed To Checkout *****
2026-03-26 18:29:10 INFO  TC24_downloadInvoiceAfterPurchaseOrder:51 - ***** Navigated to Register / Login page *****
2026-03-26 18:29:13 INFO  TC24_downloadInvoiceAfterPurchaseOrder:56 - ***** Entered signup details *****
2026-03-26 18:29:17 INFO  TC24_downloadInvoiceAfterPurchaseOrder:74 - ***** Account created successfully *****
2026-03-26 18:29:19 INFO  TC24_downloadInvoiceAfterPurchaseOrder:79 - ***** Logged in as user *****
2026-03-26 18:29:21 INFO  TC24_downloadInvoiceAfterPurchaseOrder:83 - ***** Navigated to Cart page *****
2026-03-26 18:29:22 INFO  TC24_downloadInvoiceAfterPurchaseOrder:87 - ***** Clicked Proceed To Checkout *****
2026-03-26 18:29:22 INFO  TC24_downloadInvoiceAfterPurchaseOrder:91 - ***** Address Details and Review Order are visible *****
2026-03-26 18:29:23 INFO  TC24_downloadInvoiceAfterPurchaseOrder:96 - ***** Placed order successfully *****
2026-03-26 18:29:26 INFO  TC24_downloadInvoiceAfterPurchaseOrder:100 - ***** Entered payment details *****
2026-03-26 18:29:26 INFO  TC24_downloadInvoiceAfterPurchaseOrder:107 - ***** Order placed successfully *****
2026-03-26 18:29:29 INFO  TC24_downloadInvoiceAfterPurchaseOrder:111 - ***** Downloaded invoice successfully *****
2026-03-26 18:46:12 INFO  TC24_downloadInvoiceAfterPurchaseOrder:22 - ***** Starting TC24_downloadInvoiceAfterPurchaseOrder *****
2026-03-26 18:46:12 INFO  TC24_downloadInvoiceAfterPurchaseOrder:30 - ***** Home page is visible *****
2026-03-26 18:46:15 INFO  TC24_downloadInvoiceAfterPurchaseOrder:35 - ***** Added product to cart *****
2026-03-26 18:46:16 INFO  TC24_downloadInvoiceAfterPurchaseOrder:39 - ***** Navigated to Cart page *****
2026-03-26 18:46:16 INFO  TC24_downloadInvoiceAfterPurchaseOrder:43 - ***** Cart page is displayed with items *****
2026-03-26 18:46:17 INFO  TC24_downloadInvoiceAfterPurchaseOrder:47 - ***** Clicked Proceed To Checkout *****
2026-03-26 18:46:18 INFO  TC24_downloadInvoiceAfterPurchaseOrder:51 - ***** Navigated to Register / Login page *****
2026-03-26 18:46:21 INFO  TC24_downloadInvoiceAfterPurchaseOrder:56 - ***** Entered signup details *****
2026-03-26 18:46:25 INFO  TC24_downloadInvoiceAfterPurchaseOrder:74 - ***** Account created successfully *****
2026-03-26 18:46:26 INFO  TC24_downloadInvoiceAfterPurchaseOrder:79 - ***** Logged in as user *****
2026-03-26 18:46:28 INFO  TC24_downloadInvoiceAfterPurchaseOrder:83 - ***** Navigated to Cart page *****
2026-03-26 18:46:29 INFO  TC24_downloadInvoiceAfterPurchaseOrder:87 - ***** Clicked Proceed To Checkout *****
2026-03-26 18:46:30 INFO  TC24_downloadInvoiceAfterPurchaseOrder:91 - ***** Address Details and Review Order are visible *****
2026-03-26 18:46:31 INFO  TC24_downloadInvoiceAfterPurchaseOrder:96 - ***** Placed order successfully *****
2026-03-26 18:46:34 INFO  TC24_downloadInvoiceAfterPurchaseOrder:100 - ***** Entered payment details *****
2026-03-26 18:46:34 INFO  TC24_downloadInvoiceAfterPurchaseOrder:107 - ***** Order placed successfully *****
2026-03-26 18:46:37 INFO  TC24_downloadInvoiceAfterPurchaseOrder:111 - ***** Downloaded invoice successfully *****
2026-03-26 18:46:40 INFO  TC24_downloadInvoiceAfterPurchaseOrder:121 - ***** Account deleted successfully *****
2026-03-26 18:55:08 INFO  TC23_verifyAddressInCheckoutPage:20 - ***** Starting TC23_verifyAddressInCheckoutPage *****
2026-03-26 18:55:08 INFO  TC23_verifyAddressInCheckoutPage:28 - ***** Home page is visible *****
2026-03-26 18:55:10 INFO  TC23_verifyAddressInCheckoutPage:32 - ***** Navigated to Signup / Login page *****
2026-03-26 18:55:12 INFO  TC23_verifyAddressInCheckoutPage:37 - ***** Entered signup details *****
2026-03-26 18:55:18 INFO  TC23_verifyAddressInCheckoutPage:55 - ***** Account created successfully *****
2026-03-26 18:55:20 INFO  TC23_verifyAddressInCheckoutPage:60 - ***** Logged in as user *****
2026-03-26 18:55:23 INFO  TC23_verifyAddressInCheckoutPage:65 - ***** Added product to cart *****
2026-03-26 18:55:25 INFO  TC23_verifyAddressInCheckoutPage:69 - ***** Navigated to Cart page *****
2026-03-26 18:55:25 INFO  TC23_verifyAddressInCheckoutPage:73 - ***** Cart page is displayed with items *****
2026-03-26 18:55:26 INFO  TC23_verifyAddressInCheckoutPage:77 - ***** Clicked Proceed To Checkout *****
2026-03-26 18:55:32 INFO  TC24_downloadInvoiceAfterPurchaseOrder:22 - ***** Starting TC24_downloadInvoiceAfterPurchaseOrder *****
2026-03-26 18:55:32 INFO  TC24_downloadInvoiceAfterPurchaseOrder:30 - ***** Home page is visible *****
2026-03-26 18:55:35 INFO  TC24_downloadInvoiceAfterPurchaseOrder:35 - ***** Added product to cart *****
2026-03-26 18:55:37 INFO  TC24_downloadInvoiceAfterPurchaseOrder:39 - ***** Navigated to Cart page *****
2026-03-26 18:55:37 INFO  TC24_downloadInvoiceAfterPurchaseOrder:43 - ***** Cart page is displayed with items *****
2026-03-26 18:55:38 INFO  TC24_downloadInvoiceAfterPurchaseOrder:47 - ***** Clicked Proceed To Checkout *****
2026-03-26 18:55:39 INFO  TC24_downloadInvoiceAfterPurchaseOrder:51 - ***** Navigated to Register / Login page *****
2026-03-26 18:55:42 INFO  TC24_downloadInvoiceAfterPurchaseOrder:56 - ***** Entered signup details *****
2026-03-26 21:10:40 INFO  TC23_verifyAddressInCheckoutPage:20 - ***** Starting TC23_verifyAddressInCheckoutPage *****
2026-03-26 21:10:40 INFO  TC23_verifyAddressInCheckoutPage:28 - ***** Home page is visible *****
2026-03-26 21:10:41 INFO  TC23_verifyAddressInCheckoutPage:32 - ***** Navigated to Signup / Login page *****
2026-03-26 21:10:43 INFO  TC23_verifyAddressInCheckoutPage:37 - ***** Entered signup details *****
2026-03-26 21:10:49 INFO  TC23_verifyAddressInCheckoutPage:55 - ***** Account created successfully *****
2026-03-26 21:10:51 INFO  TC23_verifyAddressInCheckoutPage:60 - ***** Logged in as user *****
2026-03-26 21:10:54 INFO  TC23_verifyAddressInCheckoutPage:65 - ***** Added product to cart *****
2026-03-26 21:10:55 INFO  TC23_verifyAddressInCheckoutPage:69 - ***** Navigated to Cart page *****
2026-03-26 21:10:55 INFO  TC23_verifyAddressInCheckoutPage:73 - ***** Cart page is displayed with items *****
2026-03-26 21:10:57 INFO  TC23_verifyAddressInCheckoutPage:77 - ***** Clicked Proceed To Checkout *****
2026-03-26 21:11:03 INFO  TC24_downloadInvoiceAfterPurchaseOrder:22 - ***** Starting TC24_downloadInvoiceAfterPurchaseOrder *****
2026-03-26 21:11:03 INFO  TC24_downloadInvoiceAfterPurchaseOrder:30 - ***** Home page is visible *****
2026-03-26 21:11:05 INFO  TC24_downloadInvoiceAfterPurchaseOrder:35 - ***** Added product to cart *****
2026-03-26 21:11:07 INFO  TC24_downloadInvoiceAfterPurchaseOrder:39 - ***** Navigated to Cart page *****
2026-03-26 21:11:07 INFO  TC24_downloadInvoiceAfterPurchaseOrder:43 - ***** Cart page is displayed with items *****
2026-03-26 21:11:07 INFO  TC24_downloadInvoiceAfterPurchaseOrder:47 - ***** Clicked Proceed To Checkout *****
2026-03-26 21:11:08 INFO  TC24_downloadInvoiceAfterPurchaseOrder:51 - ***** Navigated to Register / Login page *****
2026-03-26 21:11:10 INFO  TC24_downloadInvoiceAfterPurchaseOrder:56 - ***** Entered signup details *****
2026-03-26 21:19:11 INFO  TC23_verifyAddressInCheckoutPage:20 - ***** Starting TC23_verifyAddressInCheckoutPage *****
2026-03-26 21:19:11 INFO  TC23_verifyAddressInCheckoutPage:28 - ***** Home page is visible *****
2026-03-26 21:19:13 INFO  TC23_verifyAddressInCheckoutPage:32 - ***** Navigated to Signup / Login page *****
2026-03-26 21:19:14 INFO  TC23_verifyAddressInCheckoutPage:37 - ***** Entered signup details *****
2026-03-26 21:19:19 INFO  TC23_verifyAddressInCheckoutPage:55 - ***** Account created successfully *****
2026-03-26 21:19:21 INFO  TC23_verifyAddressInCheckoutPage:60 - ***** Logged in as user *****
2026-03-26 21:19:25 INFO  TC23_verifyAddressInCheckoutPage:65 - ***** Added product to cart *****
2026-03-26 21:19:26 INFO  TC23_verifyAddressInCheckoutPage:69 - ***** Navigated to Cart page *****
2026-03-26 21:19:26 INFO  TC23_verifyAddressInCheckoutPage:73 - ***** Cart page is displayed with items *****
2026-03-26 21:19:28 INFO  TC23_verifyAddressInCheckoutPage:77 - ***** Clicked Proceed To Checkout *****
2026-03-26 21:19:34 INFO  TC24_downloadInvoiceAfterPurchaseOrder:22 - ***** Starting TC24_downloadInvoiceAfterPurchaseOrder *****
2026-03-26 21:19:34 INFO  TC24_downloadInvoiceAfterPurchaseOrder:30 - ***** Home page is visible *****
2026-03-26 21:19:37 INFO  TC24_downloadInvoiceAfterPurchaseOrder:35 - ***** Added product to cart *****
2026-03-26 21:19:40 INFO  TC24_downloadInvoiceAfterPurchaseOrder:39 - ***** Navigated to Cart page *****
2026-03-26 21:19:40 INFO  TC24_downloadInvoiceAfterPurchaseOrder:43 - ***** Cart page is displayed with items *****
2026-03-26 21:19:41 INFO  TC24_downloadInvoiceAfterPurchaseOrder:47 - ***** Clicked Proceed To Checkout *****
2026-03-26 21:19:42 INFO  TC24_downloadInvoiceAfterPurchaseOrder:51 - ***** Navigated to Register / Login page *****
2026-03-26 21:19:44 INFO  TC24_downloadInvoiceAfterPurchaseOrder:56 - ***** Entered signup details *****
2026-03-26 21:20:35 INFO  TC23_verifyAddressInCheckoutPage:20 - ***** Starting TC23_verifyAddressInCheckoutPage *****
2026-03-26 21:20:35 INFO  TC23_verifyAddressInCheckoutPage:28 - ***** Home page is visible *****
2026-03-26 21:20:39 INFO  TC23_verifyAddressInCheckoutPage:32 - ***** Navigated to Signup / Login page *****
2026-03-26 21:20:43 INFO  TC23_verifyAddressInCheckoutPage:37 - ***** Entered signup details *****
2026-03-26 21:20:47 INFO  TC23_verifyAddressInCheckoutPage:55 - ***** Account created successfully *****
2026-03-26 21:20:49 INFO  TC23_verifyAddressInCheckoutPage:60 - ***** Logged in as user *****
2026-03-26 21:20:51 INFO  TC23_verifyAddressInCheckoutPage:65 - ***** Added product to cart *****
2026-03-26 21:20:53 INFO  TC23_verifyAddressInCheckoutPage:69 - ***** Navigated to Cart page *****
2026-03-26 21:20:53 INFO  TC23_verifyAddressInCheckoutPage:73 - ***** Cart page is displayed with items *****
2026-03-26 21:20:54 INFO  TC23_verifyAddressInCheckoutPage:77 - ***** Clicked Proceed To Checkout *****
2026-03-26 21:20:59 INFO  TC24_downloadInvoiceAfterPurchaseOrder:22 - ***** Starting TC24_downloadInvoiceAfterPurchaseOrder *****
2026-03-26 21:20:59 INFO  TC24_downloadInvoiceAfterPurchaseOrder:30 - ***** Home page is visible *****
2026-03-26 21:21:02 INFO  TC24_downloadInvoiceAfterPurchaseOrder:35 - ***** Added product to cart *****
2026-03-26 21:21:05 INFO  TC24_downloadInvoiceAfterPurchaseOrder:39 - ***** Navigated to Cart page *****
2026-03-26 21:21:05 INFO  TC24_downloadInvoiceAfterPurchaseOrder:43 - ***** Cart page is displayed with items *****
2026-03-26 21:21:05 INFO  TC24_downloadInvoiceAfterPurchaseOrder:47 - ***** Clicked Proceed To Checkout *****
2026-03-26 21:21:07 INFO  TC24_downloadInvoiceAfterPurchaseOrder:51 - ***** Navigated to Register / Login page *****
2026-03-26 21:21:09 INFO  TC24_downloadInvoiceAfterPurchaseOrder:56 - ***** Entered signup details *****
2026-03-26 21:29:44 INFO  TC23_verifyAddressInCheckoutPage:20 - ***** Starting TC23_verifyAddressInCheckoutPage *****
2026-03-26 21:29:44 INFO  TC23_verifyAddressInCheckoutPage:28 - ***** Home page is visible *****
2026-03-26 21:29:45 INFO  TC23_verifyAddressInCheckoutPage:32 - ***** Navigated to Signup / Login page *****
2026-03-26 21:29:49 INFO  TC23_verifyAddressInCheckoutPage:37 - ***** Entered signup details *****
2026-03-26 21:29:53 INFO  TC23_verifyAddressInCheckoutPage:55 - ***** Account created successfully *****
2026-03-26 21:29:56 INFO  TC23_verifyAddressInCheckoutPage:60 - ***** Logged in as user *****
2026-03-26 21:29:59 INFO  TC23_verifyAddressInCheckoutPage:65 - ***** Added product to cart *****
2026-03-26 21:30:01 INFO  TC23_verifyAddressInCheckoutPage:69 - ***** Navigated to Cart page *****
2026-03-26 21:30:01 INFO  TC23_verifyAddressInCheckoutPage:73 - ***** Cart page is displayed with items *****
2026-03-26 21:30:03 INFO  TC23_verifyAddressInCheckoutPage:77 - ***** Clicked Proceed To Checkout *****
2026-03-26 21:30:03 INFO  TC23_verifyAddressInCheckoutPage:81 - ***** Delivery address matches registration address *****
2026-03-26 21:30:03 INFO  TC23_verifyAddressInCheckoutPage:84 - ***** Billing address matches registration address *****
2026-03-26 21:30:05 INFO  TC23_verifyAddressInCheckoutPage:91 - ***** Account deleted successfully *****
2026-03-26 21:30:23 INFO  TC24_downloadInvoiceAfterPurchaseOrder:22 - ***** Starting TC24_downloadInvoiceAfterPurchaseOrder *****
2026-03-26 21:30:23 INFO  TC24_downloadInvoiceAfterPurchaseOrder:30 - ***** Home page is visible *****
2026-03-26 21:30:26 INFO  TC24_downloadInvoiceAfterPurchaseOrder:35 - ***** Added product to cart *****
2026-03-26 21:30:29 INFO  TC24_downloadInvoiceAfterPurchaseOrder:39 - ***** Navigated to Cart page *****
2026-03-26 21:30:29 INFO  TC24_downloadInvoiceAfterPurchaseOrder:43 - ***** Cart page is displayed with items *****
2026-03-26 21:30:29 INFO  TC24_downloadInvoiceAfterPurchaseOrder:47 - ***** Clicked Proceed To Checkout *****
2026-03-26 21:30:30 INFO  TC24_downloadInvoiceAfterPurchaseOrder:51 - ***** Navigated to Register / Login page *****
2026-03-26 21:30:33 INFO  TC24_downloadInvoiceAfterPurchaseOrder:56 - ***** Entered signup details *****
2026-03-26 21:30:37 INFO  TC24_downloadInvoiceAfterPurchaseOrder:74 - ***** Account created successfully *****
2026-03-26 21:30:39 INFO  TC24_downloadInvoiceAfterPurchaseOrder:79 - ***** Logged in as user *****
2026-03-26 21:30:40 INFO  TC24_downloadInvoiceAfterPurchaseOrder:83 - ***** Navigated to Cart page *****
2026-03-26 21:30:42 INFO  TC24_downloadInvoiceAfterPurchaseOrder:87 - ***** Clicked Proceed To Checkout *****
2026-03-26 21:30:42 INFO  TC24_downloadInvoiceAfterPurchaseOrder:91 - ***** Address Details and Review Order are visible *****
2026-03-26 21:30:43 INFO  TC24_downloadInvoiceAfterPurchaseOrder:96 - ***** Placed order successfully *****
2026-03-26 21:30:46 INFO  TC24_downloadInvoiceAfterPurchaseOrder:100 - ***** Entered payment details *****
2026-03-26 21:30:46 INFO  TC24_downloadInvoiceAfterPurchaseOrder:107 - ***** Order placed successfully *****
2026-03-26 21:30:47 INFO  TC24_downloadInvoiceAfterPurchaseOrder:111 - ***** Downloaded invoice successfully *****
2026-03-26 21:30:50 INFO  TC24_downloadInvoiceAfterPurchaseOrder:121 - ***** Account deleted successfully *****
2026-03-26 21:31:40 INFO  TC1_registerUser:12 - ***** Starting TC1_registerUser *****
2026-03-26 21:31:42 INFO  TC1_registerUser:20 - ***** Navigated to RegisterLoginPage *****
2026-03-26 21:31:43 INFO  TC1_registerUser:27 - ***** Navigated to AccountInfoPage *****
2026-03-26 21:31:48 INFO  TC1_registerUser:47 - ***** Navigated to AccountCreatedPage *****
2026-03-26 21:31:52 INFO  TC1_registerUser:56 - ***** Navigated to AccountDeletedPage *****
2026-03-26 21:31:59 INFO  TC2_loginValidUser:15 - ***** Starting TC2_loginValidUser *****
2026-03-26 21:32:00 INFO  TC2_loginValidUser:23 - ***** Navigated to RegisterLoginPage *****
2026-03-26 21:32:04 INFO  TC2_loginValidUser:30 - ***** Login successfully *****
2026-03-26 21:32:09 INFO  TC3_loginInvalidUser:14 - ***** Starting TC3_LoginInvalidUser *****
2026-03-26 21:32:10 INFO  TC3_loginInvalidUser:22 - ***** Navigated to RegisterLoginPage *****
2026-03-26 21:32:17 INFO  TC4_logoutUser:14 - ***** testCases.Authentication.TC4_logoutUser *****
2026-03-26 21:32:18 INFO  TC4_logoutUser:22 - ***** Navigated to RegisterLoginPage *****
2026-03-26 21:32:29 INFO  TC5_registerDuplicateUser:14 - ***** testCases.Authentication.TC5_registerDuplicateUser *****
2026-03-26 21:32:31 INFO  TC5_registerDuplicateUser:22 - ***** Navigated to RegisterLoginPage *****
2026-03-26 21:32:41 INFO  TC6_contactUsForm:16 - ***** testCases.Authentication.TC6_contactUsForm *****
2026-03-26 21:32:41 INFO  TC6_contactUsForm:20 - ***** HomePage Visible *****
2026-03-26 21:32:44 INFO  TC6_contactUsForm:25 - ***** Text Get In Touch Present *****
2026-03-26 21:32:45 INFO  TC6_contactUsForm:36 - ***** Form Submitted Successfully *****
2026-03-26 21:32:49 INFO  TC6_contactUsForm:40 - ***** HomePage Visible *****
2026-03-26 21:32:54 INFO  TC7_verifyTestCasesPage:13 - ***** testCases.Authentication.TC7_verifyTestCasesPage *****
2026-03-26 21:32:54 INFO  TC7_verifyTestCasesPage:17 - ***** HomePage Visible *****
2026-03-26 21:32:56 INFO  TC7_verifyTestCasesPage:22 - ***** Page Navigated To TestCasesPage *****
2026-03-26 21:33:02 INFO  TC8_verifyAllProductsAndProductDetails:14 - ***** testCases.Authentication.TC8_verifyAllProductsAndProductDetails *****
2026-03-26 21:33:02 INFO  TC8_verifyAllProductsAndProductDetails:18 - ***** HomePage Visible *****
2026-03-26 21:33:05 INFO  TC8_verifyAllProductsAndProductDetails:25 - ***** Product lists is visible *****
2026-03-26 21:33:07 INFO  TC8_verifyAllProductsAndProductDetails:30 - All product info are visible
2026-03-26 21:33:12 INFO  TC9_searchProduct:119 - ***** testCases.Authentication.TC8_verifyAllProductsAndProductDetails *****
2026-03-26 21:33:12 INFO  TC9_searchProduct:122 - ***** HomePage Visible *****
2026-03-26 21:33:23 INFO  TC10_verifyHomeSubscription:119 - ***** testCases.Authentication.TC8_verifyAllProductsAndProductDetails *****
2026-03-26 21:33:23 INFO  TC10_verifyHomeSubscription:122 - ***** HomePage Visible *****
2026-03-26 21:33:30 INFO  TC11_verifyHomeSubscription:119 - ***** testCases.Authentication.TC8_verifyAllProductsAndProductDetails *****
2026-03-26 21:33:30 INFO  TC11_verifyHomeSubscription:122 - ***** HomePage Visible *****
2026-03-26 21:33:40 INFO  TC12_addProduct:119 - ***** testCases.Authentication.TC8_verifyAllProductsAndProductDetails *****
2026-03-26 21:33:40 INFO  TC12_addProduct:122 - ***** HomePage Visible *****
2026-03-26 21:33:52 INFO  TC13_verifyProductQuantity:119 - ***** testCases.Authentication.TC8_verifyAllProductsAndProductDetails *****
2026-03-26 21:33:52 INFO  TC13_verifyProductQuantity:122 - ***** HomePage Visible *****
2026-03-26 21:34:01 INFO  TC14_placeOrder_Register:119 - ***** testCases.Authentication.TC8_verifyAllProductsAndProductDetails *****
2026-03-26 21:34:01 INFO  TC14_placeOrder_Register:122 - ***** HomePage Visible *****
2026-03-26 21:34:31 INFO  TC15_register_Checkout:119 - ***** testCases.Authentication.TC8_verifyAllProductsAndProductDetails *****
2026-03-26 21:34:31 INFO  TC15_register_Checkout:122 - ***** HomePage Visible *****
2026-03-26 21:34:59 INFO  TC16_login_Checkout:119 - ***** testCases.Authentication.TC8_verifyAllProductsAndProductDetails *****
2026-03-26 21:34:59 INFO  TC16_login_Checkout:122 - ***** HomePage Visible *****
2026-03-26 21:35:24 INFO  TC17_removeProducts:119 - ***** testCases.Authentication.TC8_verifyAllProductsAndProductDetails *****
2026-03-26 21:35:24 INFO  TC17_removeProducts:122 - ***** HomePage Visible *****
2026-03-26 21:35:36 INFO  TC18_viewCategoryProducts:119 - ***** testCases.Authentication.TC8_verifyAllProductsAndProductDetails *****
2026-03-26 21:35:36 INFO  TC18_viewCategoryProducts:122 - ***** HomePage Visible *****
2026-03-26 21:36:24 INFO  TC21_addReviewOnProduct:14 - ***** Starting TC21_addReviewOnProduct *****
2026-03-26 21:36:24 INFO  TC21_addReviewOnProduct:18 - ***** HomePage Visible *****
2026-03-26 21:36:28 INFO  TC21_addReviewOnProduct:23 - ***** Navigated to All Products Page *****
2026-03-26 21:36:30 INFO  TC21_addReviewOnProduct:28 - ***** Write Your Review section is visible *****
2026-03-26 21:36:31 INFO  TC21_addReviewOnProduct:35 - ***** Review submitted successfully *****
2026-03-26 21:36:37 INFO  TC22_addToCartFromRecommended:13 - ***** Starting TC22_addToCartFromRecommended *****
2026-03-26 21:36:37 INFO  TC22_addToCartFromRecommended:19 - ***** Home page is visible *****
2026-03-26 21:36:37 INFO  TC22_addToCartFromRecommended:23 - ***** Scrolled to recommended items section *****
2026-03-26 21:36:37 INFO  TC22_addToCartFromRecommended:27 - ***** Recommended items section is visible *****
2026-03-26 21:36:38 INFO  TC22_addToCartFromRecommended:31 - ***** Clicked Add to Cart on first recommended product *****
2026-03-26 21:36:39 INFO  TC22_addToCartFromRecommended:35 - ***** Navigated to Cart page *****
2026-03-26 21:36:39 INFO  TC22_addToCartFromRecommended:39 - ✓ Product successfully added to cart from recommended items
2026-03-26 21:36:46 INFO  TC23_verifyAddressInCheckoutPage:20 - ***** Starting TC23_verifyAddressInCheckoutPage *****
2026-03-26 21:36:46 INFO  TC23_verifyAddressInCheckoutPage:28 - ***** Home page is visible *****
2026-03-26 21:36:48 INFO  TC23_verifyAddressInCheckoutPage:32 - ***** Navigated to Signup / Login page *****
2026-03-26 21:36:50 INFO  TC23_verifyAddressInCheckoutPage:37 - ***** Entered signup details *****
2026-03-26 21:36:56 INFO  TC23_verifyAddressInCheckoutPage:55 - ***** Account created successfully *****
2026-03-26 21:36:59 INFO  TC23_verifyAddressInCheckoutPage:60 - ***** Logged in as user *****
2026-03-26 21:37:01 INFO  TC23_verifyAddressInCheckoutPage:65 - ***** Added product to cart *****
2026-03-26 21:37:03 INFO  TC23_verifyAddressInCheckoutPage:69 - ***** Navigated to Cart page *****
2026-03-26 21:37:03 INFO  TC23_verifyAddressInCheckoutPage:73 - ***** Cart page is displayed with items *****
2026-03-26 21:37:04 INFO  TC23_verifyAddressInCheckoutPage:77 - ***** Clicked Proceed To Checkout *****
2026-03-26 21:37:04 INFO  TC23_verifyAddressInCheckoutPage:81 - ***** Delivery address matches registration address *****
2026-03-26 21:37:04 INFO  TC23_verifyAddressInCheckoutPage:84 - ***** Billing address matches registration address *****
2026-03-26 21:37:06 INFO  TC23_verifyAddressInCheckoutPage:91 - ***** Account deleted successfully *****
2026-03-26 21:37:15 INFO  TC24_downloadInvoiceAfterPurchaseOrder:22 - ***** Starting TC24_downloadInvoiceAfterPurchaseOrder *****
2026-03-26 21:37:15 INFO  TC24_downloadInvoiceAfterPurchaseOrder:30 - ***** Home page is visible *****
2026-03-26 21:37:17 INFO  TC24_downloadInvoiceAfterPurchaseOrder:35 - ***** Added product to cart *****
2026-03-26 21:37:19 INFO  TC24_downloadInvoiceAfterPurchaseOrder:39 - ***** Navigated to Cart page *****
2026-03-26 21:37:19 INFO  TC24_downloadInvoiceAfterPurchaseOrder:43 - ***** Cart page is displayed with items *****
2026-03-26 21:37:19 INFO  TC24_downloadInvoiceAfterPurchaseOrder:47 - ***** Clicked Proceed To Checkout *****
2026-03-26 21:37:20 INFO  TC24_downloadInvoiceAfterPurchaseOrder:51 - ***** Navigated to Register / Login page *****
2026-03-26 21:37:23 INFO  TC24_downloadInvoiceAfterPurchaseOrder:56 - ***** Entered signup details *****
2026-03-26 21:37:27 INFO  TC24_downloadInvoiceAfterPurchaseOrder:74 - ***** Account created successfully *****
2026-03-26 21:37:30 INFO  TC24_downloadInvoiceAfterPurchaseOrder:79 - ***** Logged in as user *****
2026-03-26 21:37:31 INFO  TC24_downloadInvoiceAfterPurchaseOrder:83 - ***** Navigated to Cart page *****
2026-03-26 21:37:33 INFO  TC24_downloadInvoiceAfterPurchaseOrder:87 - ***** Clicked Proceed To Checkout *****
2026-03-26 21:37:33 INFO  TC24_downloadInvoiceAfterPurchaseOrder:91 - ***** Address Details and Review Order are visible *****
2026-03-26 21:37:34 INFO  TC24_downloadInvoiceAfterPurchaseOrder:96 - ***** Placed order successfully *****
2026-03-26 21:37:37 INFO  TC24_downloadInvoiceAfterPurchaseOrder:100 - ***** Entered payment details *****
2026-03-26 21:37:37 INFO  TC24_downloadInvoiceAfterPurchaseOrder:107 - ***** Order placed successfully *****
2026-03-26 21:37:38 INFO  TC24_downloadInvoiceAfterPurchaseOrder:111 - ***** Downloaded invoice successfully *****
2026-03-26 21:37:41 INFO  TC24_downloadInvoiceAfterPurchaseOrder:121 - ***** Account deleted successfully *****
2026-03-26 21:37:49 INFO  TC25_verifyScrollUpUsingArrowButton:12 - ***** Starting TC25_verifyScrollUpUsingArrowButton *****
2026-03-26 21:37:49 INFO  TC25_verifyScrollUpUsingArrowButton:20 - ***** Home page is visible *****
2026-03-26 21:37:49 INFO  TC25_verifyScrollUpUsingArrowButton:24 - ***** Scrolled to bottom of page *****
2026-03-26 21:37:49 INFO  TC25_verifyScrollUpUsingArrowButton:28 - ***** Subscription section is visible at bottom *****
2026-03-26 21:37:49 INFO  TC25_verifyScrollUpUsingArrowButton:32 - ***** Clicked scroll up arrow button *****
2026-03-26 21:37:49 INFO  TC25_verifyScrollUpUsingArrowButton:36 - ***** Page scrolled up successfully, home page title is visible *****
2026-03-26 21:37:58 INFO  TC26_verifyScrollUpWithoutArrowButton:12 - ***** Starting TC26_verifyScrollUpWithoutArrowButton *****
2026-03-26 21:37:58 INFO  TC26_verifyScrollUpWithoutArrowButton:20 - ***** Home page is visible *****
2026-03-26 21:37:59 INFO  TC26_verifyScrollUpWithoutArrowButton:24 - ***** Scrolled to bottom of page *****
2026-03-26 21:37:59 INFO  TC26_verifyScrollUpWithoutArrowButton:28 - ***** Subscription section is visible at bottom *****
2026-03-26 21:37:59 INFO  TC26_verifyScrollUpWithoutArrowButton:32 - ***** Scrolled to top of page *****
2026-03-26 21:38:00 INFO  TC26_verifyScrollUpWithoutArrowButton:36 - ***** Page scrolled up successfully, home page title is visible *****
2026-03-26 21:38:42 INFO  TC5_registerDuplicateUser:14 - ***** testCases.Authentication.TC5_registerDuplicateUser *****
2026-03-26 21:38:45 INFO  TC5_registerDuplicateUser:22 - ***** Navigated to RegisterLoginPage *****
2026-03-26 21:39:52 INFO  TC5_registerDuplicateUser:14 - ***** testCases.Authentication.TC5_registerDuplicateUser *****
2026-03-26 21:39:53 INFO  TC5_registerDuplicateUser:22 - ***** Navigated to RegisterLoginPage *****
